[2026-03-24 19:16:49] Game launched: Demo Adventure
[2026-03-24 20:47:08] Engine launched.
[2026-04-04 12:16:26] Engine launched.
[2026-04-04 12:16:33] Game selected: games/Haunted Dungeon
[2026-04-04 12:16:38] New game started for: games/Haunted Dungeon
[2026-04-04 12:16:38] Loaded scene: scene_1
[2026-04-04 12:16:44] Player selected option 1: Proceed
[2026-04-04 12:16:44] Scene transition: scene_1 -> scene_2
[2026-04-04 12:16:44] ERROR: Missing scene file: games/Haunted Dungeon/scenes/scene_2.txt
[2026-04-04 12:17:03] Engine launched.
[2026-04-04 12:17:06] Game selected: games/demo_game
[2026-04-04 12:17:07] New game started for: games/demo_game
[2026-04-04 12:17:07] Loaded scene: scene_1
[2026-04-04 12:17:09] Player selected option 1: Take the left path
[2026-04-04 12:17:09] Gold changed by +5. New gold: 5
[2026-04-04 12:17:09] Scene transition: scene_1 -> scene_2
[2026-04-04 12:17:09] Loaded scene: scene_2
[2026-04-04 12:17:12] Player selected option 1: Accept the key and stay in the village
[2026-04-04 12:17:12] Item added: key
[2026-04-04 12:17:12] Reputation changed by +1. New reputation: 1
[2026-04-04 12:17:12] Scene transition: scene_2 -> ending_good
[2026-04-04 12:17:12] Loaded scene: ending_good
[2026-04-04 12:17:12] Reached ending: ending_good
[2026-04-04 12:17:17] New game started for: games/demo_game
[2026-04-04 12:17:17] Loaded scene: scene_1
[2026-04-04 12:17:20] Player selected option 1: Take the left path
[2026-04-04 12:17:20] Gold changed by +5. New gold: 5
[2026-04-04 12:17:20] Scene transition: scene_1 -> scene_2
[2026-04-04 12:17:20] Loaded scene: scene_2
[2026-04-04 12:17:23] Player selected option 2: Refuse and leave at night
[2026-04-04 12:17:23] Reputation changed by -1. New reputation: -1
[2026-04-04 12:17:23] Scene transition: scene_2 -> ending_bad
[2026-04-04 12:17:23] Loaded scene: ending_bad
[2026-04-04 12:17:23] Reached ending: ending_bad
[2026-04-04 12:22:29] Engine launched.
[2026-04-04 12:22:52] Game selected: games/demo_game
[2026-04-04 12:23:03] New game started for: games/demo_game
[2026-04-04 12:23:03] Loaded scene: scene_1
[2026-04-04 12:23:56] Player selected option 1: Take the left path
[2026-04-04 12:23:56] Gold changed by +5. New gold: 5
[2026-04-04 12:23:57] Scene transition: scene_1 -> scene_2
[2026-04-04 12:23:57] Loaded scene: scene_2
[2026-04-04 12:24:25] Player selected option 1: Accept the key and stay in the village
[2026-04-04 12:24:25] Item added: key
[2026-04-04 12:24:25] Reputation changed by +1. New reputation: 1
[2026-04-04 12:24:25] Scene transition: scene_2 -> ending_good
[2026-04-04 12:24:25] Loaded scene: ending_good
[2026-04-04 12:24:25] Reached ending: ending_good
[2026-04-04 12:24:56] Game ended by user.
[2026-04-04 12:36:28] Engine launched.
[2026-04-04 12:36:34] Game selected: games/nowfel
[2026-04-04 12:36:36] New game started for: games/nowfel
[2026-04-04 12:36:36] Loaded scene: scene_1
[2026-04-04 12:36:44] Player selected option 1: Yes
[2026-04-04 12:36:44] Scene transition: scene_1 -> scene_2
[2026-04-04 12:36:44] Loaded scene: scene_2
[2026-04-04 12:37:04] Player selected option 1: You grab the bag and run away.
[2026-04-04 12:37:04] Scene transition: scene_2 -> scene_3
[2026-04-04 12:37:04] Loaded scene: scene_3
[2026-04-04 12:37:17] Player selected option 1: You stop and pretend that nothing happened.
[2026-04-04 12:37:17] Scene transition: scene_3 -> ending_bad
[2026-04-04 12:37:17] Loaded scene: ending_bad
[2026-04-04 12:37:17] Reached ending: ending_bad
[2026-04-04 12:37:33] Game ended by user.
[2026-04-04 12:48:02] Engine launched.
[2026-04-04 12:48:36] Game selected: games/demo_game
[2026-04-04 12:48:39] New game started for: games/demo_game
[2026-04-04 12:48:39] Loaded scene: scene_1
[2026-04-04 12:49:51] Player selected option 1: Take the left path
[2026-04-04 12:49:52] Gold changed by +5. New gold: 5
[2026-04-04 12:49:52] Scene transition: scene_1 -> scene_2
[2026-04-04 12:49:52] Loaded scene: scene_2
[2026-04-04 12:50:07] Player selected option 2: Refuse and leave at night
[2026-04-04 12:50:07] Reputation changed by -1. New reputation: -1
[2026-04-04 12:50:07] Scene transition: scene_2 -> ending_bad
[2026-04-04 12:50:08] Loaded scene: ending_bad
[2026-04-04 12:50:08] Reached ending: ending_bad
[2026-04-04 12:50:25] Game ended by user.
[2026-04-04 13:01:49] Engine launched.
[2026-04-04 13:01:53] Game selected: games/Amit's game
[2026-04-04 13:02:04] New game started for: games/Amit's game
[2026-04-04 13:02:04] Loaded scene: scene_1
[2026-04-04 13:02:34] Player selected option 1: Shamne giye check korbe oita ki
[2026-04-04 13:02:34] Scene transition: scene_1 -> scene_2
[2026-04-04 13:02:34] Loaded scene: scene_2
[2026-04-04 13:02:38] Player selected option 1: kheye felbe
[2026-04-04 13:02:38] Scene transition: scene_2 -> scene_3
[2026-04-04 13:02:38] Loaded scene: scene_3
[2026-04-04 13:02:44] Player selected option 1: Douranor cheshta korlo
[2026-04-04 13:02:44] Scene transition: scene_3 -> ending_bad
[2026-04-04 13:02:44] Loaded scene: ending_bad
[2026-04-04 13:02:44] Reached ending: ending_bad
[2026-04-27 12:47:24] Engine launched.
[2026-04-27 12:51:24] Engine launched.
[2026-04-27 12:51:39] Game selected: /mnt/d/OSlab/Terminal-Game-Engine/games/Amit's game
[2026-04-27 12:51:45] Game selected: /mnt/d/OSlab/Terminal-Game-Engine/games/Amit's game
[2026-04-27 12:51:46] New game started for: /mnt/d/OSlab/Terminal-Game-Engine/games/Amit's game
[2026-04-27 12:51:46] ERROR: Missing scene file: /mnt/d/OSlab/Terminal-Game-Engine/games/Amit's game/scenes/scene_1.txt
[2026-04-27 12:52:27] Engine launched.
[2026-04-27 12:52:47] Game selected: /mnt/d/OSlab/Terminal-Game-Engine/games/amits_game
[2026-04-27 12:52:50] New game started for: /mnt/d/OSlab/Terminal-Game-Engine/games/amits_game
[2026-04-27 12:52:50] ERROR: Missing scene file: /mnt/d/OSlab/Terminal-Game-Engine/games/amits_game/scenes/scene_1.txt
[2026-04-27 12:55:33] Engine launched.
[2026-04-27 12:56:07] Engine launched.
[2026-04-27 12:56:17] Game selected: /mnt/d/OSlab/Terminal-Game-Engine/games/demo_game
[2026-04-27 12:56:19] New game started for: /mnt/d/OSlab/Terminal-Game-Engine/games/demo_game
[2026-04-27 12:56:19] ERROR: Missing scene file: /mnt/d/OSlab/Terminal-Game-Engine/games/demo_game/scenes/scene_1.txt
[2026-04-27 13:03:57] Engine launched.
[2026-04-27 13:04:06] Game selected: /mnt/d/OSlab/Terminal-Game-Engine/games/amits_game
[2026-04-27 13:04:07] New game started for: /mnt/d/OSlab/Terminal-Game-Engine/games/amits_game
[2026-04-27 13:04:07] Loaded scene: scene_1
[2026-04-27 13:04:10] Player selected option 1: Shamne giye check korbe oita ki
[2026-04-27 13:04:10] Scene transition: scene_1 -> scene_2
[2026-04-27 13:04:10] ERROR: Missing scene file: /mnt/d/OSlab/Terminal-Game-Engine/games/amits_game/scenes/scene_2.txt
[2026-04-27 13:06:12] Engine launched.
[2026-04-27 14:32:21] Engine launched.
[2026-04-27 14:32:29] Game selected: /mnt/d/OSlab/Terminal-Game-Engine/games/amits_game
[2026-04-27 14:32:34] New game started for: /mnt/d/OSlab/Terminal-Game-Engine/games/amits_game
[2026-04-27 14:32:34] Loaded scene: scene_1
[2026-04-27 14:32:35] Player selected option 1: Shamne giye check korbe oita ki
[2026-04-27 14:32:35] Scene transition: scene_1 -> scene_2
[2026-04-27 14:32:35] Loaded scene: scene_2
[2026-04-27 14:32:37] Player selected option 1: kheye felbe
[2026-04-27 14:32:37] Scene transition: scene_2 -> scene_3
[2026-04-27 14:32:37] Loaded scene: scene_3
[2026-04-27 14:32:39] Player selected option 2: shuye jabe
[2026-04-27 14:32:39] Scene transition: scene_3 -> ending_good
[2026-04-27 14:32:39] Loaded scene: ending_good
[2026-04-27 14:32:39] ERROR: No available choices found in scene ending_good
[2026-04-27 14:33:44] Engine launched.
[2026-04-27 14:33:59] Game selected: /mnt/d/OSlab/Terminal-Game-Engine/games/amits_game
[2026-04-27 14:34:08] Game selected: /mnt/d/OSlab/Terminal-Game-Engine/games/amits_game
[2026-04-27 14:37:21] Engine launched.
[2026-04-27 14:37:29] Game selected: /mnt/d/OSlab/Terminal-Game-Engine/games/amits_game
[2026-04-27 14:37:32] New game started for: /mnt/d/OSlab/Terminal-Game-Engine/games/amits_game
[2026-04-27 14:37:32] Loaded scene: scene_1
[2026-04-27 14:37:33] Player selected option 1: Shamne giye check korbe oita ki
[2026-04-27 14:37:33] Scene transition: scene_1 -> scene_2
[2026-04-27 14:37:33] Loaded scene: scene_2
[2026-04-27 14:37:34] Player selected option 2: na dekhar bhaan kore pash diye hete jabe
[2026-04-27 14:37:34] Scene transition: scene_2 -> scene_4
[2026-04-27 14:37:34] ERROR: Missing scene file: /mnt/d/OSlab/Terminal-Game-Engine/games/amits_game/scenes/scene_4.txt
[2026-04-27 14:37:49] Engine launched.
[2026-04-27 14:38:00] Game selected: /mnt/d/OSlab/Terminal-Game-Engine/games/Haunted Dungeon
[2026-04-27 14:38:03] New game started for: /mnt/d/OSlab/Terminal-Game-Engine/games/Haunted Dungeon
[2026-04-27 14:38:03] Loaded scene: scene_1
[2026-04-27 14:38:10] Player selected option 1: Proceed
[2026-04-27 14:38:10] Scene transition: scene_1 -> scene_2
[2026-04-27 14:38:10] ERROR: Missing scene file: /mnt/d/OSlab/Terminal-Game-Engine/games/Haunted Dungeon/scenes/scene_2.txt
[2026-04-27 14:40:57] Engine launched.
[2026-04-27 14:41:06] Game selected: /mnt/d/OSlab/Terminal-Game-Engine/games/amits_game
[2026-04-27 14:41:07] New game started for: /mnt/d/OSlab/Terminal-Game-Engine/games/amits_game
[2026-04-27 14:41:08] Loaded scene: scene_1
[2026-04-27 14:41:09] Player selected option 1: Shamne giye check korbe oita ki
[2026-04-27 14:41:09] Scene transition: scene_1 -> scene_2
[2026-04-27 14:41:09] Loaded scene: scene_2
[2026-04-27 14:41:10] Player selected option 2: na dekhar bhaan kore pash diye hete jabe
[2026-04-27 14:41:10] Scene transition: scene_2 -> ending_bad
[2026-04-27 14:41:10] Loaded scene: ending_bad
[2026-04-27 14:41:10] Score recorded: asif scored 100 in Amit's Adventure
[2026-04-27 14:41:10] Reached ending: ending_bad
[2026-04-27 14:41:15] Game selected: /mnt/d/OSlab/Terminal-Game-Engine/games/Haunted Dungeon
[2026-04-27 14:41:16] New game started for: /mnt/d/OSlab/Terminal-Game-Engine/games/Haunted Dungeon
[2026-04-27 14:41:16] Loaded scene: scene_1
[2026-04-27 14:41:18] Player selected option 1: Proceed
[2026-04-27 14:41:18] Scene transition: scene_1 -> scene_2
[2026-04-27 14:41:18] Loaded scene: 2
[2026-04-27 14:41:19] Player selected option 2: You ignore the noise and proceed forward
[2026-04-27 14:41:19] Scene transition: 2 -> ending_good
[2026-04-27 14:41:19] Loaded scene: ending_good
[2026-04-27 14:41:19] Score recorded: asif scored 100 in Haunted Dungeon : Arch Nemesis
[2026-04-27 14:41:19] Reached ending: ending_good
[2026-04-27 14:42:33] Game ended by user.
[2026-04-27 14:42:45] Engine launched.
[2026-04-27 14:49:08] Game selected: /mnt/d/OSlab/Terminal-Game-Engine/games/amits_game
[2026-04-27 14:49:12] Game selected: /mnt/d/OSlab/Terminal-Game-Engine/games/nowfel
[2026-04-27 14:49:13] Game selected: /mnt/d/OSlab/Terminal-Game-Engine/games/nowfel
[2026-04-27 14:49:14] New game started for: /mnt/d/OSlab/Terminal-Game-Engine/games/nowfel
[2026-04-27 14:49:14] Loaded scene: scene_1
[2026-04-27 14:49:14] Player selected option 1: Yes
[2026-04-27 14:49:14] Scene transition: scene_1 -> scene_2
[2026-04-27 14:49:14] Loaded scene: scene_2
[2026-04-27 14:49:15] Player selected option 1: You grab the bag and run away.
[2026-04-27 14:49:15] Scene transition: scene_2 -> scene_3
[2026-04-27 14:49:15] Loaded scene: scene_3
[2026-04-27 14:49:16] Player selected option 1: You stop and pretend that nothing happened.
[2026-04-27 14:49:16] Scene transition: scene_3 -> ending_bad
[2026-04-27 14:49:16] Loaded scene: ending_bad
[2026-04-27 14:49:16] Score recorded: asif scored 100 in Nowfel's Game
[2026-04-27 14:49:16] Reached ending: ending_bad
[2026-04-27 14:49:17] Game ended by user.
[2026-04-27 14:49:23] Engine launched.
[2026-04-27 14:49:45] Game selected: /mnt/d/OSlab/Terminal-Game-Engine/games/amits_game
[2026-04-27 14:49:48] New game started for: /mnt/d/OSlab/Terminal-Game-Engine/games/amits_game
[2026-04-27 14:49:48] Loaded scene: scene_1
[2026-04-27 14:49:50] Player selected option 1: Shamne giye check korbe oita ki
[2026-04-27 14:49:50] Scene transition: scene_1 -> scene_2
[2026-04-27 14:49:51] Loaded scene: scene_2
[2026-04-27 14:49:52] Player selected option 2: na dekhar bhaan kore pash diye hete jabe
[2026-04-27 14:49:52] Scene transition: scene_2 -> ending_bad
[2026-04-27 14:49:52] Loaded scene: ending_bad
[2026-04-27 14:49:52] Reached non-good ending in Amit's Adventure: ending_bad
[2026-04-27 14:49:52] Reached ending: ending_bad
[2026-04-27 14:49:54] Game ended by user.
[2026-04-27 14:50:08] Engine launched.
[2026-04-27 14:50:18] Game selected: /mnt/d/OSlab/Terminal-Game-Engine/games/amits_game
[2026-04-27 14:50:27] New game started for: /mnt/d/OSlab/Terminal-Game-Engine/games/amits_game
[2026-04-27 14:50:27] Loaded scene: scene_1
[2026-04-27 14:50:28] Player selected option 1: Shamne giye check korbe oita ki
[2026-04-27 14:50:28] Scene transition: scene_1 -> scene_2
[2026-04-27 14:50:28] Loaded scene: scene_2
[2026-04-27 14:50:32] Player selected option 2: na dekhar bhaan kore pash diye hete jabe
[2026-04-27 14:50:32] Scene transition: scene_2 -> ending_bad
[2026-04-27 14:50:32] Loaded scene: ending_bad
[2026-04-27 14:50:33] Reached non-good ending in Amit's Adventure: ending_bad
[2026-04-27 14:50:33] Reached ending: ending_bad
[2026-04-27 14:50:34] Game ended by user.
[2026-04-27 14:50:42] Engine launched.
[2026-04-27 14:50:50] Game selected: /mnt/d/OSlab/Terminal-Game-Engine/games/amits_game
[2026-04-27 14:50:52] Game selected: /mnt/d/OSlab/Terminal-Game-Engine/games/amits_game
[2026-04-27 14:50:52] New game started for: /mnt/d/OSlab/Terminal-Game-Engine/games/amits_game
[2026-04-27 14:50:52] Loaded scene: scene_1
[2026-04-27 14:50:54] Player selected option 1: Shamne giye check korbe oita ki
[2026-04-27 14:50:54] Scene transition: scene_1 -> scene_2
[2026-04-27 14:50:54] Loaded scene: scene_2
[2026-04-27 14:50:57] Player selected option 1: kheye felbe
[2026-04-27 14:50:57] Scene transition: scene_2 -> scene_3
[2026-04-27 14:50:58] Loaded scene: scene_3
[2026-04-27 14:51:00] Player selected option 2: shuye jabe
[2026-04-27 14:51:00] Scene transition: scene_3 -> ending_good
[2026-04-27 14:51:00] Loaded scene: ending_good
[2026-04-27 14:51:00] Awarded +50 points to asif for first good ending in Amit's Adventure
[2026-04-27 14:51:00] Reached ending: ending_good
[2026-04-27 15:13:40] Engine launched.
[2026-04-27 15:16:14] Game selected: /mnt/d/OSlab/Terminal-Game-Engine/games/amits_game
[2026-04-27 15:16:37] New game started for: /mnt/d/OSlab/Terminal-Game-Engine/games/amits_game
[2026-04-27 15:16:37] Loaded scene: scene_1
[2026-04-27 15:17:37] Player selected option 1: Shamne giye check korbe oita ki
[2026-04-27 15:17:37] Scene transition: scene_1 -> scene_2
[2026-04-27 15:17:37] Loaded scene: scene_2
[2026-04-27 15:20:41] Game saved to slot1 at scene: scene_2 for game: /mnt/d/OSlab/Terminal-Game-Engine/games/amits_game
[2026-04-27 15:20:43] Loaded scene: scene_2
[2026-04-27 15:20:46] Returned to main menu from scene: scene_2
[2026-04-27 15:21:45] Engine launched.
[2026-04-27 15:22:12] Game selected: /mnt/d/OSlab/Terminal-Game-Engine/games/Haunted Dungeon
[2026-04-27 15:22:14] New game started for: /mnt/d/OSlab/Terminal-Game-Engine/games/Haunted Dungeon
[2026-04-27 15:22:14] Loaded scene: scene_1
[2026-04-27 15:22:17] Player selected option 1: Proceed
[2026-04-27 15:22:17] Scene transition: scene_1 -> scene_2
[2026-04-27 15:22:17] Loaded scene: 2
[2026-04-27 15:22:20] Player selected option 1: You go check it out
[2026-04-27 15:22:20] Scene transition: 2 -> ending_bad
[2026-04-27 15:22:20] Loaded scene: ending_bad
[2026-04-27 15:22:20] Applied -25 points to Nowfel for bad ending in Haunted Dungeon : Arch Nemesis
[2026-04-27 15:22:20] Reached ending: ending_bad
[2026-04-27 15:22:30] New game started for: /mnt/d/OSlab/Terminal-Game-Engine/games/Haunted Dungeon
[2026-04-27 15:22:30] Loaded scene: scene_1
[2026-04-27 15:22:32] Player selected option 1: Proceed
[2026-04-27 15:22:32] Scene transition: scene_1 -> scene_2
[2026-04-27 15:22:32] Loaded scene: 2
[2026-04-27 15:22:37] Player selected option 1: You go check it out
[2026-04-27 15:22:37] Scene transition: 2 -> ending_bad
[2026-04-27 15:22:37] Loaded scene: ending_bad
[2026-04-27 15:22:37] Applied -25 points to Nowfel for bad ending in Haunted Dungeon : Arch Nemesis
[2026-04-27 15:22:37] Reached ending: ending_bad
[2026-04-27 15:23:56] New game started for: /mnt/d/OSlab/Terminal-Game-Engine/games/Haunted Dungeon
[2026-04-27 15:23:56] Loaded scene: scene_1
[2026-06-28 22:12:19] Engine launched.
[2026-06-28 22:12:45] Game selected: /mnt/d/Linux/Terminal-Game-Engine/games/Haunted Dungeon
[2026-06-28 22:12:46] New game started for: /mnt/d/Linux/Terminal-Game-Engine/games/Haunted Dungeon
[2026-06-28 22:12:46] Loaded scene: scene_1
[2026-06-28 22:12:52] Player selected option 2: Exit
[2026-06-28 22:12:52] Scene transition: scene_1 -> ending_good
[2026-06-28 22:12:52] Loaded scene: ending_good
[2026-06-28 22:12:52] Awarded +50 points to asif for first good ending in Haunted Dungeon : Arch Nemesis
[2026-06-28 22:12:52] Reached ending: ending_good
[2026-06-28 23:37:24] Engine launched.
[2026-06-28 23:37:32] Game selected: /mnt/d/Linux/Terminal-Game-Engine/games/The Cursed Kingdom
[2026-06-28 23:37:35] New game started for: /mnt/d/Linux/Terminal-Game-Engine/games/The Cursed Kingdom
[2026-06-28 23:37:35] Loaded scene: 1
[2026-06-28 23:41:43] Game saved to slot1 at scene: 1 for game: /mnt/d/Linux/Terminal-Game-Engine/games/The Cursed Kingdom
[2026-06-28 23:41:44] Loaded scene: 1
[2026-06-28 23:41:47] Returned to main menu from scene: 1
[2026-06-28 23:51:04] Engine launched.
[2026-06-29 00:35:40] Engine launched.
[2026-06-29 00:36:34] Engine launched.
[2026-06-29 00:37:06] Game selected: /mnt/d/Linux/Terminal-Game-Engine/games/The Cursed Kingdom
[2026-06-29 00:37:11] New game started for: /mnt/d/Linux/Terminal-Game-Engine/games/The Cursed Kingdom
[2026-06-29 00:37:11] Loaded scene: 1
[2026-06-29 00:37:47] Player selected option 1: I am ready to play.
[2026-06-29 00:37:47] Scene transition: 1 -> 2
[2026-06-29 00:37:48] Loaded scene: 2
[2026-06-29 00:38:24] Player selected option 1: Investigate the castle.
[2026-06-29 00:38:24] Item added: queen_pendant
[2026-06-29 00:38:24] Scene transition: 2 -> 3
[2026-06-29 00:38:24] Loaded scene: 3
[2026-06-29 00:38:47] Player selected option 3: Explore the castle dungeon
[2026-06-29 00:38:47] Scene transition: 3 -> 7
[2026-06-29 00:38:47] Loaded scene: 7
[2026-06-29 00:38:58] Player selected option 1: Follow the tunnel
[2026-06-29 00:38:58] Scene transition: 7 -> 11
[2026-06-29 00:38:58] Loaded scene: 11
[2026-06-29 00:39:02] Player selected option 2: Challenge the shadow directly
[2026-06-29 00:39:02] Scene transition: 11 -> 13
[2026-06-29 00:39:02] Loaded scene: 13
[2026-06-29 00:39:02] Reached neutral ending in The Cursed Kingdom: 13
[2026-06-29 00:39:02] Reached ending: 13
[2026-06-29 00:39:42] New game started for: /mnt/d/Linux/Terminal-Game-Engine/games/The Cursed Kingdom
[2026-06-29 00:39:42] Loaded scene: 1
[2026-06-29 00:39:43] Player selected option 1: I am ready to play.
[2026-06-29 00:39:43] Scene transition: 1 -> 2
[2026-06-29 00:39:43] Loaded scene: 2
[2026-06-29 00:39:44] Player selected option 3: Refuse the mission.
[2026-06-29 00:39:44] Scene transition: 2 -> 17
[2026-06-29 00:39:44] Loaded scene: 17
[2026-06-29 00:39:44] Reached neutral ending in The Cursed Kingdom: 17
[2026-06-29 00:39:44] Reached ending: 17
[2026-06-29 00:39:46] Game ended by user.
[2026-06-29 00:39:51] Engine launched.
[2026-06-29 00:40:07] Game selected: /mnt/d/Linux/Terminal-Game-Engine/games/The Cursed Kingdom
[2026-06-29 00:40:08] New game started for: /mnt/d/Linux/Terminal-Game-Engine/games/The Cursed Kingdom
[2026-06-29 00:40:08] Loaded scene: 1
[2026-06-29 00:40:09] Player selected option 1: I am ready to play.
[2026-06-29 00:40:09] Scene transition: 1 -> 2
[2026-06-29 00:40:09] Loaded scene: 2
[2026-06-29 00:40:10] Player selected option 1: Investigate the castle.
[2026-06-29 00:40:10] Item added: queen_pendant
[2026-06-29 00:40:10] Scene transition: 2 -> 3
[2026-06-29 00:40:10] Loaded scene: 3
[2026-06-29 00:40:21] Game saved to slot2 at scene: 3 for game: /mnt/d/Linux/Terminal-Game-Engine/games/The Cursed Kingdom
[2026-06-29 00:40:25] Loaded scene: 3
[2026-06-29 00:40:26] Returned to main menu from scene: 3
[2026-06-29 00:40:37] Game loaded from slot2. Game: /mnt/d/Linux/Terminal-Game-Engine/games/The Cursed Kingdom | Scene: 3
[2026-06-29 00:40:37] Loaded scene: 3
[2026-06-29 00:40:40] Returned to main menu from scene: 3
[2026-06-29 00:55:28] Engine launched.
[2026-06-29 00:55:39] Game selected: /mnt/d/Linux/Terminal-Game-Engine/games/TheLongKnight
[2026-06-29 00:55:41] New game started for: /mnt/d/Linux/Terminal-Game-Engine/games/TheLongKnight
[2026-06-29 00:55:41] Loaded scene: 1
[2026-06-29 00:55:53] Player selected option 1: Visit Gendry
[2026-06-29 00:55:53] Scene transition: 1 -> 2
[2026-06-29 00:55:53] Loaded scene: 2
[2026-06-29 00:55:53] Reached neutral ending in The Long Knight: 2
[2026-06-29 00:55:53] Reached ending: 2
